(protected-private-key
 (ecc
  (curve Curve25519)
  (flags djb-tweak)
  (q |QApacTUg2cvJpPRol6SQZDD/3Tq4rUAS/VfgGWKE5W8x|)
  (protected
   openpgp-s2k3-ocb-aes
   ((sha1 |eEgdFbPZgXs=| "5991424") |8Md4NhztS1T712+E|)
   |5tsx1UOZhf2JuOYHBV4bXKNFfqVlRaHhSVF+cDsn+ngZW1qdpqCItl6G4Wgfe7X5RpCn776vdzfSeEf5|)
  (protected-at "20221110T201113")))
